ASxxxx Linker V03.00 + NoICE + sdld,  page 1.
Hexadecimal  [32-Bits]

Area                                    Addr        Size        Decimal Bytes (Attributes)
--------------------------------        ----        ----        ------- ----- ------------
CABS                                00000000    00000000 =           0. bytes (ABS,CON,CODE)

      Value  Global                              Global Defined In Module
      -----  --------------------------------   ------------------------
C:   00000000  l_BIT_BANK                      
C:   00000000  l_CABS                          
C:   00000000  l_GSINIT1                       
C:   00000000  l_GSINIT5                       
C:   00000000  l_IABS                          
C:   00000000  l_ISEG                          
C:   00000000  l_PSEG                          
C:   00000000  l_REG_BANK_1                    
C:   00000000  l_REG_BANK_2                    
C:   00000000  l_REG_BANK_3                    
C:   00000000  l_RSEG                          
C:   00000000  l_RSEG0                         
C:   00000000  l_RSEG1                         
C:   00000000  l_XABS                          
C:   00000000  l_XINIT                         
C:   00000000  l_XISEG                         
C:   00000000  l_XSEG                          
C:   00000000  l__CODE                         
C:   00000000  s_BSEG                          
C:   00000000  s_CABS                          
C:   00000000  s_DSEG                          
C:   00000000  s_HOME                          
C:   00000000  s_IABS                          
C:   00000000  s_ISEG                          
C:   00000000  s_REG_BANK_0                    
C:   00000000  s_RSEG                          
C:   00000000  s_RSEG0                         
C:   00000000  s_RSEG1                         
C:   00000000  s_XABS                          
C:   00000001  s_PSEG                          
C:   00000001  s_XISEG                         
C:   00000001  s_XSEG                          
C:   00000002  l_OSEG                          
C:   00000003  l_BSEG_BYTES                    
C:   00000003  l_GSFINAL                       
C:   00000003  l_GSINIT0                       
C:   00000006  l_HOME                          
C:   00000006  s_GSINIT0                       
C:   00000008  l_REG_BANK_0                    
C:   00000008  s_REG_BANK_1                    
C:   00000009  s_GSINIT1                       
C:   00000009  s_GSINIT2                       
C:   0000000A  l_GSINIT2                       
C:   0000000F  l_GSINIT                        
C:   0000000F  s_OSEG                          
C:   00000010  s_REG_BANK_2                    
C:   00000011  l_BSEG                          
C:   00000013  s_GSINIT3                       
C:   00000018  s_BIT_BANK                      
C:   00000018  s_REG_BANK_3                    
ASxxxx Linker V03.00 + NoICE + sdld,  page 2.
Hexadecimal  [32-Bits]

Area                                    Addr        Size        Decimal Bytes (Attributes)
--------------------------------        ----        ----        ------- ----- ------------
CABS                                00000000    00000000 =           0. bytes (ABS,CON,CODE)

      Value  Global                              Global Defined In Module
      -----  --------------------------------   ------------------------
C:   00000020  s_BSEG_BYTES                    
C:   00000020  s__CODE                         
C:   00000022  l_GSINIT3                       
C:   0000002A  l_GSINIT4                       
C:   00000035  s_GSINIT4                       
C:   0000003F  s_SSEG                          
C:   0000005F  s_GSINIT                        
C:   0000005F  s_GSINIT5                       
C:   0000006E  s_GSFINAL                       
C:   00000071  l_DSEG                          
C:   00000071  s_CSEG                          
C:   000000C1  l_SSEG                          
C:   00000100  l_IRAM                          
C:   000003F1  l_CONST                         
C:   00000CF6  l_CSEG                          
C:   00000D67  s_CONST                         
C:   00001158  s_XINIT                         

ASxxxx Linker V03.00 + NoICE + sdld,  page 3.
Hexadecimal  [32-Bits]

Area                                    Addr        Size        Decimal Bytes (Attributes)
--------------------------------        ----        ----        ------- ----- ------------
.  .ABS.                            00000000    00000000 =           0. bytes (ABS,CON)

      Value  Global                              Global Defined In Module
      -----  --------------------------------   ------------------------
     00000000  .__.ABS.                           _startup
     00000080  G$P0$0$0                           Trabalho
     00000080  G$P0_0$0$0                         Trabalho
     00000080  _P0                                Trabalho
     00000080  _P0_0                              Trabalho
     00000081  G$P0_1$0$0                         Trabalho
     00000081  G$SP$0$0                           Trabalho
     00000081  _P0_1                              Trabalho
     00000081  _SP                                Trabalho
     00000082  G$DPL$0$0                          Trabalho
     00000082  G$P0_2$0$0                         Trabalho
     00000082  _DPL                               Trabalho
     00000082  _P0_2                              Trabalho
     00000083  G$DPH$0$0                          Trabalho
     00000083  G$P0_3$0$0                         Trabalho
     00000083  _DPH                               Trabalho
     00000083  _P0_3                              Trabalho
     00000084  G$P0_4$0$0                         Trabalho
     00000084  G$SFRPAGE$0$0                      Trabalho
     00000084  _P0_4                              Trabalho
     00000084  _SFRPAGE                           Trabalho
     00000085  G$P0_5$0$0                         Trabalho
     00000085  G$SFRNEXT$0$0                      Trabalho
     00000085  _P0_5                              Trabalho
     00000085  _SFRNEXT                           Trabalho
     00000086  G$P0_6$0$0                         Trabalho
     00000086  G$SFRLAST$0$0                      Trabalho
     00000086  _P0_6                              Trabalho
     00000086  _SFRLAST                           Trabalho
     00000087  G$P0_7$0$0                         Trabalho
     00000087  G$PCON$0$0                         Trabalho
     00000087  _P0_7                              Trabalho
     00000087  _PCON                              Trabalho
     00000088  G$CP0HYN0$0$0                      Trabalho
     00000088  G$CP1HYN0$0$0                      Trabalho
     00000088  G$CP2HYN0$0$0                      Trabalho
     00000088  G$CPT0CN$0$0                       Trabalho
     00000088  G$CPT1CN$0$0                       Trabalho
     00000088  G$CPT2CN$0$0                       Trabalho
     00000088  G$IT0$0$0                          Trabalho
     00000088  G$TCON$0$0                         Trabalho
     00000088  _CP0HYN0                           Trabalho
     00000088  _CP1HYN0                           Trabalho
     00000088  _CP2HYN0                           Trabalho
     00000088  _CPT0CN                            Trabalho
     00000088  _CPT1CN                            Trabalho
     00000088  _CPT2CN                            Trabalho
     00000088  _IT0                               Trabalho
     00000088  _TCON                              Trabalho
     00000089  G$CP0HYN1$0$0                      Trabalho
ASxxxx Linker V03.00 + NoICE + sdld,  page 4.
Hexadecimal  [32-Bits]

Area                                    Addr        Size        Decimal Bytes (Attributes)
--------------------------------        ----        ----        ------- ----- ------------
.  .ABS.                            00000000    00000000 =           0. bytes (ABS,CON)

      Value  Global                              Global Defined In Module
      -----  --------------------------------   ------------------------
     00000089  G$CP1HYN1$0$0                      Trabalho
     00000089  G$CP2HYN1$0$0                      Trabalho
     00000089  G$CPT0MD$0$0                       Trabalho
     00000089  G$CPT1MD$0$0                       Trabalho
     00000089  G$CPT2MD$0$0                       Trabalho
     00000089  G$IE0$0$0                          Trabalho
     00000089  G$TMOD$0$0                         Trabalho
     00000089  _CP0HYN1                           Trabalho
     00000089  _CP1HYN1                           Trabalho
     00000089  _CP2HYN1                           Trabalho
     00000089  _CPT0MD                            Trabalho
     00000089  _CPT1MD                            Trabalho
     00000089  _CPT2MD                            Trabalho
     00000089  _IE0                               Trabalho
     00000089  _TMOD                              Trabalho
     0000008A  G$CP0HYP0$0$0                      Trabalho
     0000008A  G$CP1HYP0$0$0                      Trabalho
     0000008A  G$CP2HYP0$0$0                      Trabalho
     0000008A  G$IT1$0$0                          Trabalho
     0000008A  G$OSCICN$0$0                       Trabalho
     0000008A  G$TL0$0$0                          Trabalho
     0000008A  _CP0HYP0                           Trabalho
     0000008A  _CP1HYP0                           Trabalho
     0000008A  _CP2HYP0                           Trabalho
     0000008A  _IT1                               Trabalho
     0000008A  _OSCICN                            Trabalho
     0000008A  _TL0                               Trabalho
     0000008B  G$CP0HYP1$0$0                      Trabalho
     0000008B  G$CP1HYP1$0$0                      Trabalho
     0000008B  G$CP2HYP1$0$0                      Trabalho
     0000008B  G$IE1$0$0                          Trabalho
     0000008B  G$OSCICL$0$0                       Trabalho
     0000008B  G$TL1$0$0                          Trabalho
     0000008B  _CP0HYP1                           Trabalho
     0000008B  _CP1HYP1                           Trabalho
     0000008B  _CP2HYP1                           Trabalho
     0000008B  _IE1                               Trabalho
     0000008B  _OSCICL                            Trabalho
     0000008B  _TL1                               Trabalho
     0000008C  G$CP0FIF$0$0                       Trabalho
     0000008C  G$CP1FIF$0$0                       Trabalho
     0000008C  G$CP2FIF$0$0                       Trabalho
     0000008C  G$OSCXCN$0$0                       Trabalho
     0000008C  G$TH0$0$0                          Trabalho
     0000008C  G$TR0$0$0                          Trabalho
     0000008C  _CP0FIF                            Trabalho
     0000008C  _CP1FIF                            Trabalho
     0000008C  _CP2FIF                            Trabalho
     0000008C  _OSCXCN                            Trabalho
     0000008C  _TH0                               Trabalho
     0000008C  _TR0                               Trabalho
ASxxxx Linker V03.00 + NoICE + sdld,  page 5.
Hexadecimal  [32-Bits]

Area                                    Addr        Size        Decimal Bytes (Attributes)
--------------------------------        ----        ----        ------- ----- ------------
.  .ABS.                            00000000    00000000 =           0. bytes (ABS,CON)

      Value  Global                              Global Defined In Module
      -----  --------------------------------   ------------------------
     0000008D  G$CP0RIF$0$0                       Trabalho
     0000008D  G$CP1RIF$0$0                       Trabalho
     0000008D  G$CP2RIF$0$0                       Trabalho
     0000008D  G$TF0$0$0                          Trabalho
     0000008D  G$TH1$0$0                          Trabalho
     0000008D  _CP0RIF                            Trabalho
     0000008D  _CP1RIF                            Trabalho
     0000008D  _CP2RIF                            Trabalho
     0000008D  _TF0                               Trabalho
     0000008D  _TH1                               Trabalho
     0000008E  G$CKCON$0$0                        Trabalho
     0000008E  G$CP0OUT$0$0                       Trabalho
     0000008E  G$CP1OUT$0$0                       Trabalho
     0000008E  G$CP2OUT$0$0                       Trabalho
     0000008E  G$TR1$0$0                          Trabalho
     0000008E  _CKCON                             Trabalho
     0000008E  _CP0OUT                            Trabalho
     0000008E  _CP1OUT                            Trabalho
     0000008E  _CP2OUT                            Trabalho
     0000008E  _TR1                               Trabalho
     0000008F  G$CP0EN$0$0                        Trabalho
     0000008F  G$CP1EN$0$0                        Trabalho
     0000008F  G$CP2EN$0$0                        Trabalho
     0000008F  G$PSCTL$0$0                        Trabalho
     0000008F  G$TF1$0$0                          Trabalho
     0000008F  _CP0EN                             Trabalho
     0000008F  _CP1EN                             Trabalho
     0000008F  _CP2EN                             Trabalho
     0000008F  _PSCTL                             Trabalho
     0000008F  _TF1                               Trabalho
     00000090  G$P1$0$0                           Trabalho
     00000090  G$P1_0$0$0                         Trabalho
     00000090  _P1                                Trabalho
     00000090  _P1_0                              Trabalho
     00000091  G$P1_1$0$0                         Trabalho
     00000091  G$SSTA0$0$0                        Trabalho
     00000091  _P1_1                              Trabalho
     00000091  _SSTA0                             Trabalho
     00000092  G$P1_2$0$0                         Trabalho
     00000092  _P1_2                              Trabalho
     00000093  G$P1_3$0$0                         Trabalho
     00000093  _P1_3                              Trabalho
     00000094  G$P1_4$0$0                         Trabalho
     00000094  _P1_4                              Trabalho
     00000095  G$P1_5$0$0                         Trabalho
     00000095  _P1_5                              Trabalho
     00000096  G$P1_6$0$0                         Trabalho
     00000096  G$SFRPGCN$0$0                      Trabalho
     00000096  _P1_6                              Trabalho
     00000096  _SFRPGCN                           Trabalho
     00000097  G$CLKSEL$0$0                       Trabalho
ASxxxx Linker V03.00 + NoICE + sdld,  page 6.
Hexadecimal  [32-Bits]

Area                                    Addr        Size        Decimal Bytes (Attributes)
--------------------------------        ----        ----        ------- ----- ------------
.  .ABS.                            00000000    00000000 =           0. bytes (ABS,CON)

      Value  Global                              Global Defined In Module
      -----  --------------------------------   ------------------------
     00000097  G$P1_7$0$0                         Trabalho
     00000097  _CLKSEL                            Trabalho
     00000097  _P1_7                              Trabalho
     00000098  G$RI0$0$0                          Trabalho
     00000098  G$RI1$0$0                          Trabalho
     00000098  G$SCON0$0$0                        Trabalho
     00000098  G$SCON1$0$0                        Trabalho
     00000098  _RI0                               Trabalho
     00000098  _RI1                               Trabalho
     00000098  _SCON0                             Trabalho
     00000098  _SCON1                             Trabalho
     00000099  G$SBUF0$0$0                        Trabalho
     00000099  G$SBUF1$0$0                        Trabalho
     00000099  G$TI0$0$0                          Trabalho
     00000099  G$TI1$0$0                          Trabalho
     00000099  _SBUF0                             Trabalho
     00000099  _SBUF1                             Trabalho
     00000099  _TI0                               Trabalho
     00000099  _TI1                               Trabalho
     0000009A  G$RB80$0$0                         Trabalho
     0000009A  G$RB81$0$0                         Trabalho
     0000009A  G$SPI0CFG$0$0                      Trabalho
     0000009A  _RB80                              Trabalho
     0000009A  _RB81                              Trabalho
     0000009A  _SPI0CFG                           Trabalho
     0000009B  G$SPI0DAT$0$0                      Trabalho
     0000009B  G$TB80$0$0                         Trabalho
     0000009B  G$TB81$0$0                         Trabalho
     0000009B  _SPI0DAT                           Trabalho
     0000009B  _TB80                              Trabalho
     0000009B  _TB81                              Trabalho
     0000009C  G$P4MDOUT$0$0                      Trabalho
     0000009C  G$REN0$0$0                         Trabalho
     0000009C  G$REN1$0$0                         Trabalho
     0000009C  _P4MDOUT                           Trabalho
     0000009C  _REN0                              Trabalho
     0000009C  _REN1                              Trabalho
     0000009D  G$MCE1$0$0                         Trabalho
     0000009D  G$P5MDOUT$0$0                      Trabalho
     0000009D  G$SM20$0$0                         Trabalho
     0000009D  G$SPI0CKR$0$0                      Trabalho
     0000009D  _MCE1                              Trabalho
     0000009D  _P5MDOUT                           Trabalho
     0000009D  _SM20                              Trabalho
     0000009D  _SPI0CKR                           Trabalho
     0000009E  G$P6MDOUT$0$0                      Trabalho
     0000009E  G$SM10$0$0                         Trabalho
     0000009E  _P6MDOUT                           Trabalho
     0000009E  _SM10                              Trabalho
     0000009F  G$P7MDOUT$0$0                      Trabalho
     0000009F  G$S1MODE$0$0                       Trabalho
ASxxxx Linker V03.00 + NoICE + sdld,  page 7.
Hexadecimal  [32-Bits]

Area                                    Addr        Size        Decimal Bytes (Attributes)
--------------------------------        ----        ----        ------- ----- ------------
.  .ABS.                            00000000    00000000 =           0. bytes (ABS,CON)

      Value  Global                              Global Defined In Module
      -----  --------------------------------   ------------------------
     0000009F  G$SM00$0$0                         Trabalho
     0000009F  _P7MDOUT                           Trabalho
     0000009F  _S1MODE                            Trabalho
     0000009F  _SM00                              Trabalho
     000000A0  G$P2$0$0                           Trabalho
     000000A0  G$P2_0$0$0                         Trabalho
     000000A0  _P2                                Trabalho
     000000A0  _P2_0                              Trabalho
     000000A1  G$EMI0TC$0$0                       Trabalho
     000000A1  G$P2_1$0$0                         Trabalho
     000000A1  _EMI0TC                            Trabalho
     000000A1  _P2_1                              Trabalho
     000000A2  G$EMI0CN$0$0                       Trabalho
     000000A2  G$P2_2$0$0                         Trabalho
     000000A2  G$_XPAGE$0$0                       Trabalho
     000000A2  _EMI0CN                            Trabalho
     000000A2  _P2_2                              Trabalho
     000000A2  __XPAGE                            Trabalho
     000000A3  G$EMI0CF$0$0                       Trabalho
     000000A3  G$P2_3$0$0                         Trabalho
     000000A3  _EMI0CF                            Trabalho
     000000A3  _P2_3                              Trabalho
     000000A4  G$P0MDOUT$0$0                      Trabalho
     000000A4  G$P2_4$0$0                         Trabalho
     000000A4  _P0MDOUT                           Trabalho
     000000A4  _P2_4                              Trabalho
     000000A5  G$P1MDOUT$0$0                      Trabalho
     000000A5  G$P2_5$0$0                         Trabalho
     000000A5  _P1MDOUT                           Trabalho
     000000A5  _P2_5                              Trabalho
     000000A6  G$P2MDOUT$0$0                      Trabalho
     000000A6  G$P2_6$0$0                         Trabalho
     000000A6  _P2MDOUT                           Trabalho
     000000A6  _P2_6                              Trabalho
     000000A7  G$P2_7$0$0                         Trabalho
     000000A7  G$P3MDOUT$0$0                      Trabalho
     000000A7  _P2_7                              Trabalho
     000000A7  _P3MDOUT                           Trabalho
     000000A8  G$EX0$0$0                          Trabalho
     000000A8  G$IE$0$0                           Trabalho
     000000A8  _EX0                               Trabalho
     000000A8  _IE                                Trabalho
     000000A9  G$ET0$0$0                          Trabalho
     000000A9  G$SADDR0$0$0                       Trabalho
     000000A9  G$SADDR1$0$0                       Trabalho
     000000A9  _ET0                               Trabalho
     000000A9  _SADDR0                            Trabalho
     000000A9  _SADDR1                            Trabalho
     000000AA  G$EX1$0$0                          Trabalho
     000000AA  _EX1                               Trabalho
     000000AB  G$ET1$0$0                          Trabalho
ASxxxx Linker V03.00 + NoICE + sdld,  page 8.
Hexadecimal  [32-Bits]

Area                                    Addr        Size        Decimal Bytes (Attributes)
--------------------------------        ----        ----        ------- ----- ------------
.  .ABS.                            00000000    00000000 =           0. bytes (ABS,CON)

      Value  Global                              Global Defined In Module
      -----  --------------------------------   ------------------------
     000000AB  _ET1                               Trabalho
     000000AC  G$ES0$0$0                          Trabalho
     000000AC  _ES0                               Trabalho
     000000AD  G$ET2$0$0                          Trabalho
     000000AD  G$P1MDIN$0$0                       Trabalho
     000000AD  _ET2                               Trabalho
     000000AD  _P1MDIN                            Trabalho
     000000AE  G$P2MDIN$0$0                       Trabalho
     000000AE  _P2MDIN                            Trabalho
     000000AF  G$EA$0$0                           Trabalho
     000000AF  G$P3MDIN$0$0                       Trabalho
     000000AF  _EA                                Trabalho
     000000AF  _P3MDIN                            Trabalho
     000000B0  G$P3$0$0                           Trabalho
     000000B0  G$P3_0$0$0                         Trabalho
     000000B0  _P3                                Trabalho
     000000B0  _P3_0                              Trabalho
     000000B1  G$P3_1$0$0                         Trabalho
     000000B1  _P3_1                              Trabalho
     000000B2  G$P3_2$0$0                         Trabalho
     000000B2  _P3_2                              Trabalho
     000000B3  G$P3_3$0$0                         Trabalho
     000000B3  _P3_3                              Trabalho
     000000B4  G$P3_4$0$0                         Trabalho
     000000B4  _P3_4                              Trabalho
     000000B5  G$P3_5$0$0                         Trabalho
     000000B5  _P3_5                              Trabalho
     000000B6  G$P3_6$0$0                         Trabalho
     000000B6  _P3_6                              Trabalho
     000000B7  G$FLACL$0$0                        Trabalho
     000000B7  G$FLSCL$0$0                        Trabalho
     000000B7  G$P3_7$0$0                         Trabalho
     000000B7  _FLACL                             Trabalho
     000000B7  _FLSCL                             Trabalho
     000000B7  _P3_7                              Trabalho
     000000B8  G$IP$0$0                           Trabalho
     000000B8  G$PX0$0$0                          Trabalho
     000000B8  _IP                                Trabalho
     000000B8  _PX0                               Trabalho
     000000B9  G$PT0$0$0                          Trabalho
     000000B9  G$SADEN0$0$0                       Trabalho
     000000B9  _PT0                               Trabalho
     000000B9  _SADEN0                            Trabalho
     000000BA  G$AMX0CF$0$0                       Trabalho
     000000BA  G$AMX2CF$0$0                       Trabalho
     000000BA  G$PX1$0$0                          Trabalho
     000000BA  _AMX0CF                            Trabalho
     000000BA  _AMX2CF                            Trabalho
     000000BA  _PX1                               Trabalho
     000000BB  G$AMX0SL$0$0                       Trabalho
     000000BB  G$AMX2SL$0$0                       Trabalho
ASxxxx Linker V03.00 + NoICE + sdld,  page 9.
Hexadecimal  [32-Bits]

Area                                    Addr        Size        Decimal Bytes (Attributes)
--------------------------------        ----        ----        ------- ----- ------------
.  .ABS.                            00000000    00000000 =           0. bytes (ABS,CON)

      Value  Global                              Global Defined In Module
      -----  --------------------------------   ------------------------
     000000BB  G$PT1$0$0                          Trabalho
     000000BB  _AMX0SL                            Trabalho
     000000BB  _AMX2SL                            Trabalho
     000000BB  _PT1                               Trabalho
     000000BC  G$ADC0CF$0$0                       Trabalho
     000000BC  G$ADC2CF$0$0                       Trabalho
     000000BC  G$PS0$0$0                          Trabalho
     000000BC  _ADC0CF                            Trabalho
     000000BC  _ADC2CF                            Trabalho
     000000BC  _PS0                               Trabalho
     000000BD  G$AMX0PRT$0$0                      Trabalho
     000000BD  G$PT2$0$0                          Trabalho
     000000BD  _AMX0PRT                           Trabalho
     000000BD  _PT2                               Trabalho
     000000BE  G$ADC0L$0$0                        Trabalho
     000000BE  G$ADC2$0$0                         Trabalho
     000000BE  _ADC0L                             Trabalho
     000000BE  _ADC2                              Trabalho
     000000BF  G$ADC0H$0$0                        Trabalho
     000000BF  _ADC0H                             Trabalho
     000000C0  G$CAN0STA$0$0                      Trabalho
     000000C0  G$LEC0$0$0                         Trabalho
     000000C0  G$SMB0CN$0$0                       Trabalho
     000000C0  G$SMBTOE$0$0                       Trabalho
     000000C0  _CAN0STA                           Trabalho
     000000C0  _LEC0                              Trabalho
     000000C0  _SMB0CN                            Trabalho
     000000C0  _SMBTOE                            Trabalho
     000000C1  G$LEC1$0$0                         Trabalho
     000000C1  G$SMB0STA$0$0                      Trabalho
     000000C1  G$SMBFTE$0$0                       Trabalho
     000000C1  _LEC1                              Trabalho
     000000C1  _SMB0STA                           Trabalho
     000000C1  _SMBFTE                            Trabalho
     000000C2  G$AA$0$0                           Trabalho
     000000C2  G$LEC2$0$0                         Trabalho
     000000C2  G$SMB0DAT$0$0                      Trabalho
     000000C2  _AA                                Trabalho
     000000C2  _LEC2                              Trabalho
     000000C2  _SMB0DAT                           Trabalho
     000000C3  G$SI$0$0                           Trabalho
     000000C3  G$SMB0ADR$0$0                      Trabalho
     000000C3  G$TXOK$0$0                         Trabalho
     000000C3  _SI                                Trabalho
     000000C3  _SMB0ADR                           Trabalho
     000000C3  _TXOK                              Trabalho
     000000C4  G$ADC0GTL$0$0                      Trabalho
     000000C4  G$ADC2GT$0$0                       Trabalho
     000000C4  G$RXOK$0$0                         Trabalho
     000000C4  G$STO$0$0                          Trabalho
     000000C4  _ADC0GTL                           Trabalho
ASxxxx Linker V03.00 + NoICE + sdld,  page 10.
Hexadecimal  [32-Bits]

Area                                    Addr        Size        Decimal Bytes (Attributes)
--------------------------------        ----        ----        ------- ----- ------------
.  .ABS.                            00000000    00000000 =           0. bytes (ABS,CON)

      Value  Global                              Global Defined In Module
      -----  --------------------------------   ------------------------
     000000C4  _ADC2GT                            Trabalho
     000000C4  _RXOK                              Trabalho
     000000C4  _STO                               Trabalho
     000000C5  G$ADC0GTH$0$0                      Trabalho
     000000C5  G$EPASS$0$0                        Trabalho
     000000C5  G$STA$0$0                          Trabalho
     000000C5  _ADC0GTH                           Trabalho
     000000C5  _EPASS                             Trabalho
     000000C5  _STA                               Trabalho
     000000C6  G$ADC0LTL$0$0                      Trabalho
     000000C6  G$ADC2LT$0$0                       Trabalho
     000000C6  G$ENSMB$0$0                        Trabalho
     000000C6  G$EWARN$0$0                        Trabalho
     000000C6  _ADC0LTL                           Trabalho
     000000C6  _ADC2LT                            Trabalho
     000000C6  _ENSMB                             Trabalho
     000000C6  _EWARN                             Trabalho
     000000C7  G$ADC0LTH$0$0                      Trabalho
     000000C7  G$BOFF$0$0                         Trabalho
     000000C7  G$BUSY$0$0                         Trabalho
     000000C7  _ADC0LTH                           Trabalho
     000000C7  _BOFF                              Trabalho
     000000C7  _BUSY                              Trabalho
     000000C8  G$CPRL2$0$0                        Trabalho
     000000C8  G$CPRL3$0$0                        Trabalho
     000000C8  G$CPRL4$0$0                        Trabalho
     000000C8  G$P4$0$0                           Trabalho
     000000C8  G$P4_0$0$0                         Trabalho
     000000C8  G$TMR2CN$0$0                       Trabalho
     000000C8  G$TMR3CN$0$0                       Trabalho
     000000C8  G$TMR4CN$0$0                       Trabalho
     000000C8  _CPRL2                             Trabalho
     000000C8  _CPRL3                             Trabalho
     000000C8  _CPRL4                             Trabalho
     000000C8  _P4                                Trabalho
     000000C8  _P4_0                              Trabalho
     000000C8  _TMR2CN                            Trabalho
     000000C8  _TMR3CN                            Trabalho
     000000C8  _TMR4CN                            Trabalho
     000000C9  G$CT2$0$0                          Trabalho
     000000C9  G$CT3$0$0                          Trabalho
     000000C9  G$CT4$0$0                          Trabalho
     000000C9  G$P4_1$0$0                         Trabalho
     000000C9  G$TMR2CF$0$0                       Trabalho
     000000C9  G$TMR3CF$0$0                       Trabalho
     000000C9  G$TMR4CF$0$0                       Trabalho
     000000C9  _CT2                               Trabalho
     000000C9  _CT3                               Trabalho
     000000C9  _CT4                               Trabalho
     000000C9  _P4_1                              Trabalho
     000000C9  _TMR2CF                            Trabalho
ASxxxx Linker V03.00 + NoICE + sdld,  page 11.
Hexadecimal  [32-Bits]

Area                                    Addr        Size        Decimal Bytes (Attributes)
--------------------------------        ----        ----        ------- ----- ------------
.  .ABS.                            00000000    00000000 =           0. bytes (ABS,CON)

      Value  Global                              Global Defined In Module
      -----  --------------------------------   ------------------------
     000000C9  _TMR3CF                            Trabalho
     000000C9  _TMR4CF                            Trabalho
     000000CA  G$P4_2$0$0                         Trabalho
     000000CA  G$RCAP2L$0$0                       Trabalho
     000000CA  G$RCAP3L$0$0                       Trabalho
     000000CA  G$RCAP4L$0$0                       Trabalho
     000000CA  G$TR2$0$0                          Trabalho
     000000CA  G$TR3$0$0                          Trabalho
     000000CA  G$TR4$0$0                          Trabalho
     000000CA  _P4_2                              Trabalho
     000000CA  _RCAP2L                            Trabalho
     000000CA  _RCAP3L                            Trabalho
     000000CA  _RCAP4L                            Trabalho
     000000CA  _TR2                               Trabalho
     000000CA  _TR3                               Trabalho
     000000CA  _TR4                               Trabalho
     000000CB  G$EXEN2$0$0                        Trabalho
     000000CB  G$EXEN3$0$0                        Trabalho
     000000CB  G$EXEN4$0$0                        Trabalho
     000000CB  G$P4_3$0$0                         Trabalho
     000000CB  G$RCAP2H$0$0                       Trabalho
     000000CB  G$RCAP3H$0$0                       Trabalho
     000000CB  G$RCAP4H$0$0                       Trabalho
     000000CB  _EXEN2                             Trabalho
     000000CB  _EXEN3                             Trabalho
     000000CB  _EXEN4                             Trabalho
     000000CB  _P4_3                              Trabalho
     000000CB  _RCAP2H                            Trabalho
     000000CB  _RCAP3H                            Trabalho
     000000CB  _RCAP4H                            Trabalho
     000000CC  G$P4_4$0$0                         Trabalho
     000000CC  G$TMR2L$0$0                        Trabalho
     000000CC  G$TMR3L$0$0                        Trabalho
     000000CC  G$TMR4L$0$0                        Trabalho
     000000CC  _P4_4                              Trabalho
     000000CC  _TMR2L                             Trabalho
     000000CC  _TMR3L                             Trabalho
     000000CC  _TMR4L                             Trabalho
     000000CD  G$P4_5$0$0                         Trabalho
     000000CD  G$TMR2H$0$0                        Trabalho
     000000CD  G$TMR3H$0$0                        Trabalho
     000000CD  G$TMR4H$0$0                        Trabalho
     000000CD  _P4_5                              Trabalho
     000000CD  _TMR2H                             Trabalho
     000000CD  _TMR3H                             Trabalho
     000000CD  _TMR4H                             Trabalho
     000000CE  G$EXF2$0$0                         Trabalho
     000000CE  G$EXF3$0$0                         Trabalho
     000000CE  G$EXF4$0$0                         Trabalho
     000000CE  G$P4_6$0$0                         Trabalho
     000000CE  _EXF2                              Trabalho
ASxxxx Linker V03.00 + NoICE + sdld,  page 12.
Hexadecimal  [32-Bits]

Area                                    Addr        Size        Decimal Bytes (Attributes)
--------------------------------        ----        ----        ------- ----- ------------
.  .ABS.                            00000000    00000000 =           0. bytes (ABS,CON)

      Value  Global                              Global Defined In Module
      -----  --------------------------------   ------------------------
     000000CE  _EXF3                              Trabalho
     000000CE  _EXF4                              Trabalho
     000000CE  _P4_6                              Trabalho
     000000CF  G$P4_7$0$0                         Trabalho
     000000CF  G$SMB0CR$0$0                       Trabalho
     000000CF  G$TF2$0$0                          Trabalho
     000000CF  G$TF3$0$0                          Trabalho
     000000CF  G$TF4$0$0                          Trabalho
     000000CF  _P4_7                              Trabalho
     000000CF  _SMB0CR                            Trabalho
     000000CF  _TF2                               Trabalho
     000000CF  _TF3                               Trabalho
     000000CF  _TF4                               Trabalho
     000000D0  G$P$0$0                            Trabalho
     000000D0  G$PSW$0$0                          Trabalho
     000000D0  _P                                 Trabalho
     000000D0  _PSW                               Trabalho
     000000D1  G$F1$0$0                           Trabalho
     000000D1  G$REF0CN$0$0                       Trabalho
     000000D1  _F1                                Trabalho
     000000D1  _REF0CN                            Trabalho
     000000D2  G$DAC0L$0$0                        Trabalho
     000000D2  G$DAC1L$0$0                        Trabalho
     000000D2  G$OV$0$0                           Trabalho
     000000D2  _DAC0L                             Trabalho
     000000D2  _DAC1L                             Trabalho
     000000D2  _OV                                Trabalho
     000000D3  G$DAC0H$0$0                        Trabalho
     000000D3  G$DAC1H$0$0                        Trabalho
     000000D3  G$RS0$0$0                          Trabalho
     000000D3  _DAC0H                             Trabalho
     000000D3  _DAC1H                             Trabalho
     000000D3  _RS0                               Trabalho
     000000D4  G$DAC0CN$0$0                       Trabalho
     000000D4  G$DAC1CN$0$0                       Trabalho
     000000D4  G$RS1$0$0                          Trabalho
     000000D4  _DAC0CN                            Trabalho
     000000D4  _DAC1CN                            Trabalho
     000000D4  _RS1                               Trabalho
     000000D5  G$F0$0$0                           Trabalho
     000000D5  _F0                                Trabalho
     000000D6  G$AC$0$0                           Trabalho
     000000D6  G$HVA0CN$0$0                       Trabalho
     000000D6  _AC                                Trabalho
     000000D6  _HVA0CN                            Trabalho
     000000D7  G$CY$0$0                           Trabalho
     000000D7  _CY                                Trabalho
     000000D8  G$CAN0DATL$0$0                     Trabalho
     000000D8  G$CCF0$0$0                         Trabalho
     000000D8  G$P5$0$0                           Trabalho
     000000D8  G$P5_0$0$0                         Trabalho
ASxxxx Linker V03.00 + NoICE + sdld,  page 13.
Hexadecimal  [32-Bits]

Area                                    Addr        Size        Decimal Bytes (Attributes)
--------------------------------        ----        ----        ------- ----- ------------
.  .ABS.                            00000000    00000000 =           0. bytes (ABS,CON)

      Value  Global                              Global Defined In Module
      -----  --------------------------------   ------------------------
     000000D8  G$PCA0CN$0$0                       Trabalho
     000000D8  _CAN0DATL                          Trabalho
     000000D8  _CCF0                              Trabalho
     000000D8  _P5                                Trabalho
     000000D8  _P5_0                              Trabalho
     000000D8  _PCA0CN                            Trabalho
     000000D9  G$CAN0DATH$0$0                     Trabalho
     000000D9  G$CCF1$0$0                         Trabalho
     000000D9  G$P5_1$0$0                         Trabalho
     000000D9  G$PCA0MD$0$0                       Trabalho
     000000D9  _CAN0DATH                          Trabalho
     000000D9  _CCF1                              Trabalho
     000000D9  _P5_1                              Trabalho
     000000D9  _PCA0MD                            Trabalho
     000000DA  G$CAN0ADR$0$0                      Trabalho
     000000DA  G$CCF2$0$0                         Trabalho
     000000DA  G$P5_2$0$0                         Trabalho
     000000DA  G$PCA0CPM0$0$0                     Trabalho
     000000DA  _CAN0ADR                           Trabalho
     000000DA  _CCF2                              Trabalho
     000000DA  _P5_2                              Trabalho
     000000DA  _PCA0CPM0                          Trabalho
     000000DB  G$CAN0TST$0$0                      Trabalho
     000000DB  G$CCF3$0$0                         Trabalho
     000000DB  G$P5_3$0$0                         Trabalho
     000000DB  G$PCA0CPM1$0$0                     Trabalho
     000000DB  _CAN0TST                           Trabalho
     000000DB  _CCF3                              Trabalho
     000000DB  _P5_3                              Trabalho
     000000DB  _PCA0CPM1                          Trabalho
     000000DC  G$CCF4$0$0                         Trabalho
     000000DC  G$P5_4$0$0                         Trabalho
     000000DC  G$PCA0CPM2$0$0                     Trabalho
     000000DC  _CCF4                              Trabalho
     000000DC  _P5_4                              Trabalho
     000000DC  _PCA0CPM2                          Trabalho
     000000DD  G$CCF5$0$0                         Trabalho
     000000DD  G$P5_5$0$0                         Trabalho
     000000DD  G$PCA0CPM3$0$0                     Trabalho
     000000DD  _CCF5                              Trabalho
     000000DD  _P5_5                              Trabalho
     000000DD  _PCA0CPM3                          Trabalho
     000000DE  G$CR$0$0                           Trabalho
     000000DE  G$P5_6$0$0                         Trabalho
     000000DE  G$PCA0CPM4$0$0                     Trabalho
     000000DE  _CR                                Trabalho
     000000DE  _P5_6                              Trabalho
     000000DE  _PCA0CPM4                          Trabalho
     000000DF  G$CF$0$0                           Trabalho
     000000DF  G$P5_7$0$0                         Trabalho
     000000DF  G$PCA0CPM5$0$0                     Trabalho
ASxxxx Linker V03.00 + NoICE + sdld,  page 14.
Hexadecimal  [32-Bits]

Area                                    Addr        Size        Decimal Bytes (Attributes)
--------------------------------        ----        ----        ------- ----- ------------
.  .ABS.                            00000000    00000000 =           0. bytes (ABS,CON)

      Value  Global                              Global Defined In Module
      -----  --------------------------------   ------------------------
     000000DF  _CF                                Trabalho
     000000DF  _P5_7                              Trabalho
     000000DF  _PCA0CPM5                          Trabalho
     000000E0  G$ACC$0$0                          Trabalho
     000000E0  _ACC                               Trabalho
     000000E1  G$PCA0CPL5$0$0                     Trabalho
     000000E1  G$XBR0$0$0                         Trabalho
     000000E1  _PCA0CPL5                          Trabalho
     000000E1  _XBR0                              Trabalho
     000000E2  G$PCA0CPH5$0$0                     Trabalho
     000000E2  G$XBR1$0$0                         Trabalho
     000000E2  _PCA0CPH5                          Trabalho
     000000E2  _XBR1                              Trabalho
     000000E3  G$XBR2$0$0                         Trabalho
     000000E3  _XBR2                              Trabalho
     000000E4  G$XBR3$0$0                         Trabalho
     000000E4  _XBR3                              Trabalho
     000000E6  G$EIE1$0$0                         Trabalho
     000000E6  _EIE1                              Trabalho
     000000E7  G$EIE2$0$0                         Trabalho
     000000E7  _EIE2                              Trabalho
     000000E8  G$AD0LJST$0$0                      Trabalho
     000000E8  G$AD2WINT$0$0                      Trabalho
     000000E8  G$ADC0CN$0$0                       Trabalho
     000000E8  G$ADC2CN$0$0                       Trabalho
     000000E8  G$P6$0$0                           Trabalho
     000000E8  G$P6_0$0$0                         Trabalho
     000000E8  _AD0LJST                           Trabalho
     000000E8  _AD2WINT                           Trabalho
     000000E8  _ADC0CN                            Trabalho
     000000E8  _ADC2CN                            Trabalho
     000000E8  _P6                                Trabalho
     000000E8  _P6_0                              Trabalho
     000000E9  G$AD0WINT$0$0                      Trabalho
     000000E9  G$AD2CM0$0$0                       Trabalho
     000000E9  G$P6_1$0$0                         Trabalho
     000000E9  G$PCA0CPL2$0$0                     Trabalho
     000000E9  _AD0WINT                           Trabalho
     000000E9  _AD2CM0                            Trabalho
     000000E9  _P6_1                              Trabalho
     000000E9  _PCA0CPL2                          Trabalho
     000000EA  G$AD0CM0$0$0                       Trabalho
     000000EA  G$AD2CM1$0$0                       Trabalho
     000000EA  G$P6_2$0$0                         Trabalho
     000000EA  G$PCA0CPH2$0$0                     Trabalho
     000000EA  _AD0CM0                            Trabalho
     000000EA  _AD2CM1                            Trabalho
     000000EA  _P6_2                              Trabalho
     000000EA  _PCA0CPH2                          Trabalho
     000000EB  G$AD0CM1$0$0                       Trabalho
     000000EB  G$AD2CM2$0$0                       Trabalho
ASxxxx Linker V03.00 + NoICE + sdld,  page 15.
Hexadecimal  [32-Bits]

Area                                    Addr        Size        Decimal Bytes (Attributes)
--------------------------------        ----        ----        ------- ----- ------------
.  .ABS.                            00000000    00000000 =           0. bytes (ABS,CON)

      Value  Global                              Global Defined In Module
      -----  --------------------------------   ------------------------
     000000EB  G$P6_3$0$0                         Trabalho
     000000EB  G$PCA0CPL3$0$0                     Trabalho
     000000EB  _AD0CM1                            Trabalho
     000000EB  _AD2CM2                            Trabalho
     000000EB  _P6_3                              Trabalho
     000000EB  _PCA0CPL3                          Trabalho
     000000EC  G$AD0BUSY$0$0                      Trabalho
     000000EC  G$AD2BUSY$0$0                      Trabalho
     000000EC  G$P6_4$0$0                         Trabalho
     000000EC  G$PCA0CPH3$0$0                     Trabalho
     000000EC  _AD0BUSY                           Trabalho
     000000EC  _AD2BUSY                           Trabalho
     000000EC  _P6_4                              Trabalho
     000000EC  _PCA0CPH3                          Trabalho
     000000ED  G$AD0INT$0$0                       Trabalho
     000000ED  G$AD2INT$0$0                       Trabalho
     000000ED  G$P6_5$0$0                         Trabalho
     000000ED  G$PCA0CPL4$0$0                     Trabalho
     000000ED  _AD0INT                            Trabalho
     000000ED  _AD2INT                            Trabalho
     000000ED  _P6_5                              Trabalho
     000000ED  _PCA0CPL4                          Trabalho
     000000EE  G$AD0TM$0$0                        Trabalho
     000000EE  G$AD2TM$0$0                        Trabalho
     000000EE  G$P6_6$0$0                         Trabalho
     000000EE  G$PCA0CPH4$0$0                     Trabalho
     000000EE  _AD0TM                             Trabalho
     000000EE  _AD2TM                             Trabalho
     000000EE  _P6_6                              Trabalho
     000000EE  _PCA0CPH4                          Trabalho
     000000EF  G$AD0EN$0$0                        Trabalho
     000000EF  G$AD2EN$0$0                        Trabalho
     000000EF  G$P6_7$0$0                         Trabalho
     000000EF  G$RSTSRC$0$0                       Trabalho
     000000EF  _AD0EN                             Trabalho
     000000EF  _AD2EN                             Trabalho
     000000EF  _P6_7                              Trabalho
     000000EF  _RSTSRC                            Trabalho
     000000F0  G$B$0$0                            Trabalho
     000000F0  _B                                 Trabalho
     000000F5  _B_5                               _gptrget
     000000F6  G$EIP1$0$0                         Trabalho
     000000F6  _B_6                               _gptrget
     000000F6  _EIP1                              Trabalho
     000000F7  G$EIP2$0$0                         Trabalho
     000000F7  _B_7                               _gptrget
     000000F7  _EIP2                              Trabalho
     000000F8  G$CAN0CN$0$0                       Trabalho
     000000F8  G$CANINIT$0$0                      Trabalho
     000000F8  G$P7$0$0                           Trabalho
     000000F8  G$P7_0$0$0                         Trabalho
ASxxxx Linker V03.00 + NoICE + sdld,  page 16.
Hexadecimal  [32-Bits]

Area                                    Addr        Size        Decimal Bytes (Attributes)
--------------------------------        ----        ----        ------- ----- ------------
.  .ABS.                            00000000    00000000 =           0. bytes (ABS,CON)

      Value  Global                              Global Defined In Module
      -----  --------------------------------   ------------------------
     000000F8  G$SPI0CN$0$0                       Trabalho
     000000F8  G$SPIEN$0$0                        Trabalho
     000000F8  _CAN0CN                            Trabalho
     000000F8  _CANINIT                           Trabalho
     000000F8  _P7                                Trabalho
     000000F8  _P7_0                              Trabalho
     000000F8  _SPI0CN                            Trabalho
     000000F8  _SPIEN                             Trabalho
     000000F9  G$CANIE$0$0                        Trabalho
     000000F9  G$P7_1$0$0                         Trabalho
     000000F9  G$PCA0L$0$0                        Trabalho
     000000F9  G$TXBMT$0$0                        Trabalho
     000000F9  _CANIE                             Trabalho
     000000F9  _P7_1                              Trabalho
     000000F9  _PCA0L                             Trabalho
     000000F9  _TXBMT                             Trabalho
     000000FA  G$CANSIE$0$0                       Trabalho
     000000FA  G$NSSMD0$0$0                       Trabalho
     000000FA  G$P7_2$0$0                         Trabalho
     000000FA  G$PCA0H$0$0                        Trabalho
     000000FA  _CANSIE                            Trabalho
     000000FA  _NSSMD0                            Trabalho
     000000FA  _P7_2                              Trabalho
     000000FA  _PCA0H                             Trabalho
     000000FB  G$CANEIE$0$0                       Trabalho
     000000FB  G$NSSMD1$0$0                       Trabalho
     000000FB  G$P7_3$0$0                         Trabalho
     000000FB  G$PCA0CPL0$0$0                     Trabalho
     000000FB  _CANEIE                            Trabalho
     000000FB  _NSSMD1                            Trabalho
     000000FB  _P7_3                              Trabalho
     000000FB  _PCA0CPL0                          Trabalho
     000000FC  G$CANIF$0$0                        Trabalho
     000000FC  G$P7_4$0$0                         Trabalho
     000000FC  G$PCA0CPH0$0$0                     Trabalho
     000000FC  G$RXOVRN$0$0                       Trabalho
     000000FC  _CANIF                             Trabalho
     000000FC  _P7_4                              Trabalho
     000000FC  _PCA0CPH0                          Trabalho
     000000FC  _RXOVRN                            Trabalho
     000000FD  G$CANDAR$0$0                       Trabalho
     000000FD  G$MODF$0$0                         Trabalho
     000000FD  G$P7_5$0$0                         Trabalho
     000000FD  G$PCA0CPL1$0$0                     Trabalho
     000000FD  _CANDAR                            Trabalho
     000000FD  _MODF                              Trabalho
     000000FD  _P7_5                              Trabalho
     000000FD  _PCA0CPL1                          Trabalho
     000000FE  G$CANCCE$0$0                       Trabalho
     000000FE  G$P7_6$0$0                         Trabalho
     000000FE  G$PCA0CPH1$0$0                     Trabalho
ASxxxx Linker V03.00 + NoICE + sdld,  page 17.
Hexadecimal  [32-Bits]

Area                                    Addr        Size        Decimal Bytes (Attributes)
--------------------------------        ----        ----        ------- ----- ------------
.  .ABS.                            00000000    00000000 =           0. bytes (ABS,CON)

      Value  Global                              Global Defined In Module
      -----  --------------------------------   ------------------------
     000000FE  G$WCOL$0$0                         Trabalho
     000000FE  _CANCCE                            Trabalho
     000000FE  _P7_6                              Trabalho
     000000FE  _PCA0CPH1                          Trabalho
     000000FE  _WCOL                              Trabalho
     000000FF  G$CANTEST$0$0                      Trabalho
     000000FF  G$P7_7$0$0                         Trabalho
     000000FF  G$SPIF$0$0                         Trabalho
     000000FF  G$WDTCN$0$0                        Trabalho
     000000FF  _CANTEST                           Trabalho
     000000FF  _P7_7                              Trabalho
     000000FF  _SPIF                              Trabalho
     000000FF  _WDTCN                             Trabalho
     00008382  G$DP$0$0                           Trabalho
     00008382  _DP                                Trabalho
     0000BFBE  G$ADC0$0$0                         Trabalho
     0000BFBE  _ADC0                              Trabalho
     0000C5C4  G$ADC0GT$0$0                       Trabalho
     0000C5C4  _ADC0GT                            Trabalho
     0000C7C6  G$ADC0LT$0$0                       Trabalho
     0000C7C6  _ADC0LT                            Trabalho
     0000CBCA  G$RCAP2$0$0                        Trabalho
     0000CBCA  G$RCAP3$0$0                        Trabalho
     0000CBCA  G$RCAP4$0$0                        Trabalho
     0000CBCA  _RCAP2                             Trabalho
     0000CBCA  _RCAP3                             Trabalho
     0000CBCA  _RCAP4                             Trabalho
     0000CDCC  G$TMR2$0$0                         Trabalho
     0000CDCC  G$TMR3$0$0                         Trabalho
     0000CDCC  G$TMR4$0$0                         Trabalho
     0000CDCC  _TMR2                              Trabalho
     0000CDCC  _TMR3                              Trabalho
     0000CDCC  _TMR4                              Trabalho
     0000D3D2  G$DAC0$0$0                         Trabalho
     0000D3D2  G$DAC1$0$0                         Trabalho
     0000D3D2  _DAC0                              Trabalho
     0000D3D2  _DAC1                              Trabalho
     0000D9D8  G$CAN0DAT$0$0                      Trabalho
     0000D9D8  _CAN0DAT                           Trabalho
     0000E2E1  G$PCA0CP5$0$0                      Trabalho
     0000E2E1  _PCA0CP5                           Trabalho
     0000EAE9  G$PCA0CP2$0$0                      Trabalho
     0000EAE9  _PCA0CP2                           Trabalho
     0000ECEB  G$PCA0CP3$0$0                      Trabalho
     0000ECEB  _PCA0CP3                           Trabalho
     0000EEED  G$PCA0CP4$0$0                      Trabalho
     0000EEED  _PCA0CP4                           Trabalho
     0000FAF9  G$PCA0$0$0                         Trabalho
     0000FAF9  _PCA0                              Trabalho
     0000FCFB  G$PCA0CP0$0$0                      Trabalho
     0000FCFB  _PCA0CP0                           Trabalho
ASxxxx Linker V03.00 + NoICE + sdld,  page 18.
Hexadecimal  [32-Bits]

Area                                    Addr        Size        Decimal Bytes (Attributes)
--------------------------------        ----        ----        ------- ----- ------------
.  .ABS.                            00000000    00000000 =           0. bytes (ABS,CON)

      Value  Global                              Global Defined In Module
      -----  --------------------------------   ------------------------
     0000FEFD  G$PCA0CP1$0$0                      Trabalho
     0000FEFD  _PCA0CP1                           Trabalho

ASxxxx Linker V03.00 + NoICE + sdld,  page 19.
Hexadecimal  [32-Bits]

Area                                    Addr        Size        Decimal Bytes (Attributes)
--------------------------------        ----        ----        ------- ----- ------------
BSEG_BYTES                          00000020    00000003 =           3. bytes (REL,CON)

      Value  Global                              Global Defined In Module
      -----  --------------------------------   ------------------------
ASxxxx Linker V03.00 + NoICE + sdld,  page 20.
Hexadecimal  [32-Bits]

Area                                    Addr        Size        Decimal Bytes (Attributes)
--------------------------------        ----        ----        ------- ----- ------------
REG_BANK_0                          00000000    00000008 =           8. bytes (REL,OVR)

      Value  Global                              Global Defined In Module
      -----  --------------------------------   ------------------------
ASxxxx Linker V03.00 + NoICE + sdld,  page 21.
Hexadecimal  [32-Bits]

Area                                    Addr        Size        Decimal Bytes (Attributes)
--------------------------------        ----        ----        ------- ----- ------------
DSEG                                00000000    00000071 =         113. bytes (REL,CON)

      Value  Global                              Global Defined In Module
      -----  --------------------------------   ------------------------
     0000000E  _bp                                _bp
     00000023  G$readdata$0$0                     Trabalho
     00000023  _readdata                          Trabalho
     00000025  G$busyflag$0$0                     Trabalho
     00000025  _busyflag                          Trabalho
     00000026  G$datn$0$0                         Trabalho
     00000026  _datn                              Trabalho
     00000027  G$count$0$0                        Trabalho
     00000027  _count                             Trabalho
     00000028  G$word1$0$0                        Trabalho
     00000028  _word1                             Trabalho
     0000002C  G$lastDiscrep$0$0                  Trabalho
     0000002C  _lastDiscrep                       Trabalho
     0000002D  G$doneFlag$0$0                     Trabalho
     0000002D  _doneFlag                          Trabalho
     0000002E  G$numROMs$0$0                      Trabalho
     0000002E  _numROMs                           Trabalho
     0000002F  G$dowcrc$0$0                       Trabalho
     0000002F  _dowcrc                            Trabalho
     00000030  G$time$0$0                         Trabalho
     00000030  _time                              Trabalho
     00000032  G$i$0$0                            Trabalho
     00000032  _i                                 Trabalho
     00000034  G$numDev$0$0                       Trabalho
     00000034  _numDev                            Trabalho
     00000036  LTrabalho.Tempprocess$tt$1$91      Trabalho
     0000003A  LTrabalho.Tempprocess$sloc0$1$0    Trabalho
     0000003E  LTrabalho.putchar$cont_car$1$110   Trabalho

ASxxxx Linker V03.00 + NoICE + sdld,  page 22.
Hexadecimal  [32-Bits]

Area                                    Addr        Size        Decimal Bytes (Attributes)
--------------------------------        ----        ----        ------- ----- ------------
OSEG                                0000000F    00000002 =           2. bytes (REL,OVR)

      Value  Global                              Global Defined In Module
      -----  --------------------------------   ------------------------
     0000000F  LTrabalho.aligned_alloc$size$1$5   Trabalho
     0000000F  _aligned_alloc_PARM_2              Trabalho

ASxxxx Linker V03.00 + NoICE + sdld,  page 23.
Hexadecimal  [32-Bits]

Area                                    Addr        Size        Decimal Bytes (Attributes)
--------------------------------        ----        ----        ------- ----- ------------
SSEG                                0000003F    000000C1 =         193. bytes (REL,OVR)

      Value  Global                              Global Defined In Module
      -----  --------------------------------   ------------------------
     0000003F  __start__stack                     Trabalho

ASxxxx Linker V03.00 + NoICE + sdld,  page 24.
Hexadecimal  [32-Bits]

Area                                    Addr        Size        Decimal Bytes (Attributes)
--------------------------------        ----        ----        ------- ----- ------------
HOME                                00000000    00000006 =           6. bytes (REL,CON,CODE)

      Value  Global                              Global Defined In Module
      -----  --------------------------------   ------------------------
C:   00000000  A$Trabalho$1366                    Trabalho
C:   00000003  A$Trabalho$1409                    Trabalho
C:   00000003  __sdcc_program_startup             Trabalho
ASxxxx Linker V03.00 + NoICE + sdld,  page 25.
Hexadecimal  [32-Bits]

Area                                    Addr        Size        Decimal Bytes (Attributes)
--------------------------------        ----        ----        ------- ----- ------------
GSINIT0                             00000006    00000003 =           3. bytes (REL,CON,CODE)

      Value  Global                              Global Defined In Module
      -----  --------------------------------   ------------------------
C:   00000006  __sdcc_gsinit_startup              

ASxxxx Linker V03.00 + NoICE + sdld,  page 26.
Hexadecimal  [32-Bits]

Area                                    Addr        Size        Decimal Bytes (Attributes)
--------------------------------        ----        ----        ------- ----- ------------
GSINIT2                             00000009    0000000A =          10. bytes (REL,CON,CODE)

      Value  Global                              Global Defined In Module
      -----  --------------------------------   ------------------------
ASxxxx Linker V03.00 + NoICE + sdld,  page 27.
Hexadecimal  [32-Bits]

Area                                    Addr        Size        Decimal Bytes (Attributes)
--------------------------------        ----        ----        ------- ----- ------------
GSINIT3                             00000013    00000022 =          34. bytes (REL,CON,CODE)

      Value  Global                              Global Defined In Module
      -----  --------------------------------   ------------------------
C:   00000013  __mcs51_genXINIT                   

ASxxxx Linker V03.00 + NoICE + sdld,  page 28.
Hexadecimal  [32-Bits]

Area                                    Addr        Size        Decimal Bytes (Attributes)
--------------------------------        ----        ----        ------- ----- ------------
GSINIT4                             00000035    0000002A =          42. bytes (REL,CON,CODE)

      Value  Global                              Global Defined In Module
      -----  --------------------------------   ------------------------
C:   00000035  __mcs51_genRAMCLEAR                
C:   0000003B  __mcs51_genXRAMCLEAR               

ASxxxx Linker V03.00 + NoICE + sdld,  page 29.
Hexadecimal  [32-Bits]

Area                                    Addr        Size        Decimal Bytes (Attributes)
--------------------------------        ----        ----        ------- ----- ------------
GSINIT                              0000005F    0000000F =          15. bytes (REL,CON,CODE)

      Value  Global                              Global Defined In Module
      -----  --------------------------------   ------------------------
C:   0000005F  A$Trabalho$1390                    Trabalho
C:   0000005F  C$Trabalho.c$385$1$110             Trabalho
C:   00000062  A$Trabalho$1393                    Trabalho
C:   00000062  C$Trabalho.c$49$1$113              Trabalho
C:   00000065  A$Trabalho$1396                    Trabalho
C:   00000065  C$Trabalho.c$50$1$113              Trabalho
C:   00000068  A$Trabalho$1399                    Trabalho
C:   00000068  C$Trabalho.c$54$1$113              Trabalho
C:   0000006B  A$Trabalho$1400                    Trabalho
ASxxxx Linker V03.00 + NoICE + sdld,  page 30.
Hexadecimal  [32-Bits]

Area                                    Addr        Size        Decimal Bytes (Attributes)
--------------------------------        ----        ----        ------- ----- ------------
GSFINAL                             0000006E    00000003 =           3. bytes (REL,CON,CODE)

      Value  Global                              Global Defined In Module
      -----  --------------------------------   ------------------------
C:   0000006E  A$Trabalho$1402                    Trabalho

ASxxxx Linker V03.00 + NoICE + sdld,  page 31.
Hexadecimal  [32-Bits]

Area                                    Addr        Size        Decimal Bytes (Attributes)
--------------------------------        ----        ----        ------- ----- ------------
CSEG                                00000071    00000CF6 =        3318. bytes (REL,CON,CODE)

      Value  Global                              Global Defined In Module
      -----  --------------------------------   ------------------------
C:   00000071  A$Trabalho$1435                    Trabalho
C:   00000071  C$configTrab.c$10$0$0              Trabalho
C:   00000071  C$configTrab.c$12$1$1              Trabalho
C:   00000071  G$Timer_Init$0$0                   Trabalho
C:   00000071  _Timer_Init                        Trabalho
C:   00000074  A$Trabalho$1438                    Trabalho
C:   00000074  C$configTrab.c$13$1$1              Trabalho
C:   00000077  A$Trabalho$1441                    Trabalho
C:   00000077  C$configTrab.c$14$1$1              Trabalho
C:   0000007A  A$Trabalho$1444                    Trabalho
C:   0000007A  C$configTrab.c$15$1$1              Trabalho
C:   0000007D  A$Trabalho$1447                    Trabalho
C:   0000007D  C$configTrab.c$16$1$1              Trabalho
C:   0000007D  XG$Timer_Init$0$0                  Trabalho
C:   0000007E  A$Trabalho$1460                    Trabalho
C:   0000007E  C$configTrab.c$18$1$1              Trabalho
C:   0000007E  C$configTrab.c$20$1$2              Trabalho
C:   0000007E  G$UART_Init$0$0                    Trabalho
C:   0000007E  _UART_Init                         Trabalho
C:   00000081  A$Trabalho$1463                    Trabalho
C:   00000081  C$configTrab.c$21$1$2              Trabalho
C:   00000084  A$Trabalho$1466                    Trabalho
C:   00000084  C$configTrab.c$22$1$2              Trabalho
C:   00000087  A$Trabalho$1469                    Trabalho
C:   00000087  C$configTrab.c$23$1$2              Trabalho
C:   0000008A  A$Trabalho$1472                    Trabalho
C:   0000008A  C$configTrab.c$24$1$2              Trabalho
C:   0000008A  XG$UART_Init$0$0                   Trabalho
C:   0000008B  A$Trabalho$1485                    Trabalho
C:   0000008B  C$configTrab.c$26$1$2              Trabalho
C:   0000008B  C$configTrab.c$28$1$3              Trabalho
C:   0000008B  G$Voltage_Reference_Init$0$0       Trabalho
C:   0000008B  _Voltage_Reference_Init            Trabalho
C:   0000008E  A$Trabalho$1488                    Trabalho
C:   0000008E  C$configTrab.c$29$1$3              Trabalho
C:   00000091  A$Trabalho$1491                    Trabalho
C:   00000091  C$configTrab.c$30$1$3              Trabalho
C:   00000091  XG$Voltage_Reference_Init$0$0      Trabalho
C:   00000092  A$Trabalho$1504                    Trabalho
C:   00000092  C$configTrab.c$32$1$3              Trabalho
C:   00000092  C$configTrab.c$70$1$4              Trabalho
C:   00000092  G$Port_IO_Init$0$0                 Trabalho
C:   00000092  _Port_IO_Init                      Trabalho
C:   00000095  A$Trabalho$1507                    Trabalho
C:   00000095  C$configTrab.c$71$1$4              Trabalho
C:   00000098  A$Trabalho$1510                    Trabalho
C:   00000098  C$configTrab.c$72$1$4              Trabalho
C:   00000098  XG$Port_IO_Init$0$0                Trabalho
C:   00000099  A$Trabalho$1523                    Trabalho
C:   00000099  C$configTrab.c$74$1$4              Trabalho
ASxxxx Linker V03.00 + NoICE + sdld,  page 32.
Hexadecimal  [32-Bits]

Area                                    Addr        Size        Decimal Bytes (Attributes)
--------------------------------        ----        ----        ------- ----- ------------
CSEG                                00000071    00000CF6 =        3318. bytes (REL,CON,CODE)

      Value  Global                              Global Defined In Module
      -----  --------------------------------   ------------------------
C:   00000099  C$configTrab.c$76$1$5              Trabalho
C:   00000099  G$Interrupts_Init$0$0              Trabalho
C:   00000099  _Interrupts_Init                   Trabalho
C:   0000009C  A$Trabalho$1526                    Trabalho
C:   0000009C  C$configTrab.c$77$1$5              Trabalho
C:   0000009F  A$Trabalho$1529                    Trabalho
C:   0000009F  C$configTrab.c$78$1$5              Trabalho
C:   0000009F  XG$Interrupts_Init$0$0             Trabalho
C:   000000A0  A$Trabalho$1542                    Trabalho
C:   000000A0  C$configTrab.c$82$1$5              Trabalho
C:   000000A0  C$configTrab.c$84$1$7              Trabalho
C:   000000A0  G$Init_Device$0$0                  Trabalho
C:   000000A0  _Init_Device                       Trabalho
C:   000000A3  A$Trabalho$1545                    Trabalho
C:   000000A3  C$configTrab.c$85$1$7              Trabalho
C:   000000A6  A$Trabalho$1548                    Trabalho
C:   000000A6  C$configTrab.c$86$1$7              Trabalho
C:   000000A9  A$Trabalho$1551                    Trabalho
C:   000000A9  C$configTrab.c$87$1$7              Trabalho
C:   000000AC  A$Trabalho$1554                    Trabalho
C:   000000AC  C$configTrab.c$88$1$7              Trabalho
C:   000000AF  A$Trabalho$1557                    Trabalho
C:   000000AF  C$configTrab.c$89$1$7              Trabalho
C:   000000AF  XG$Init_Device$0$0                 Trabalho
C:   000000B0  A$Trabalho$1570                    Trabalho
C:   000000B0  C$Trabalho.c$63$1$7                Trabalho
C:   000000B0  G$delay$0$0                        Trabalho
C:   000000B0  _delay                             Trabalho
C:   000000B2  A$Trabalho$1571                    Trabalho
C:   000000B4  A$Trabalho$1575                    Trabalho
C:   000000B4  C$Trabalho.c$65$1$62               Trabalho
C:   000000B6  A$Trabalho$1576                    Trabalho
C:   000000B8  A$Trabalho$1577                    Trabalho
C:   000000B9  A$Trabalho$1578                    Trabalho
C:   000000BC  A$Trabalho$1579                    Trabalho
C:   000000BD  A$Trabalho$1581                    Trabalho
C:   000000BE  A$Trabalho$1582                    Trabalho
C:   000000BF  A$Trabalho$1583                    Trabalho
C:   000000C1  A$Trabalho$1586                    Trabalho
C:   000000C1  C$Trabalho.c$66$1$62               Trabalho
C:   000000C1  XG$delay$0$0                       Trabalho
C:   000000C2  A$Trabalho$1600                    Trabalho
C:   000000C2  C$Trabalho.c$68$1$62               Trabalho
C:   000000C2  G$delay_ms$0$0                     Trabalho
C:   000000C2  _delay_ms                          Trabalho
C:   000000C4  A$Trabalho$1601                    Trabalho
C:   000000C6  A$Trabalho$1605                    Trabalho
C:   000000C7  A$Trabalho$1606                    Trabalho
C:   000000C8  A$Trabalho$1607                    Trabalho
C:   000000CA  A$Trabalho$1610                    Trabalho
C:   000000CA  C$Trabalho.c$73$1$64               Trabalho
ASxxxx Linker V03.00 + NoICE + sdld,  page 33.
Hexadecimal  [32-Bits]

Area                                    Addr        Size        Decimal Bytes (Attributes)
--------------------------------        ----        ----        ------- ----- ------------
CSEG                                00000071    00000CF6 =        3318. bytes (REL,CON,CODE)

      Value  Global                              Global Defined In Module
      -----  --------------------------------   ------------------------
C:   000000CC  A$Trabalho$1612                    Trabalho
C:   000000CD  A$Trabalho$1613                    Trabalho
C:   000000CF  A$Trabalho$1614                    Trabalho
C:   000000D0  A$Trabalho$1615                    Trabalho
C:   000000D2  A$Trabalho$1619                    Trabalho
C:   000000D2  C$Trabalho.c$72$1$64               Trabalho
C:   000000D3  A$Trabalho$1620                    Trabalho
C:   000000D6  A$Trabalho$1621                    Trabalho
C:   000000D7  A$Trabalho$1623                    Trabalho
C:   000000D9  A$Trabalho$1627                    Trabalho
C:   000000D9  C$Trabalho.c$74$1$64               Trabalho
C:   000000D9  XG$delay_ms$0$0                    Trabalho
C:   000000DA  A$Trabalho$1641                    Trabalho
C:   000000DA  C$Trabalho.c$76$1$64               Trabalho
C:   000000DA  G$delay_us$0$0                     Trabalho
C:   000000DA  _delay_us                          Trabalho
C:   000000DC  A$Trabalho$1642                    Trabalho
C:   000000DE  A$Trabalho$1645                    Trabalho
C:   000000DE  C$Trabalho.c$79$1$66               Trabalho
C:   000000E0  A$Trabalho$1646                    Trabalho
C:   000000E2  A$Trabalho$1648                    Trabalho
C:   000000E3  A$Trabalho$1649                    Trabalho
C:   000000E4  A$Trabalho$1650                    Trabalho
C:   000000E5  A$Trabalho$1651                    Trabalho
C:   000000E6  A$Trabalho$1652                    Trabalho
C:   000000E8  A$Trabalho$1653                    Trabalho
C:   000000EA  A$Trabalho$1654                    Trabalho
C:   000000ED  A$Trabalho$1655                    Trabalho
C:   000000EF  A$Trabalho$1656                    Trabalho
C:   000000F1  A$Trabalho$1657                    Trabalho
C:   000000F2  A$Trabalho$1658                    Trabalho
C:   000000F5  A$Trabalho$1659                    Trabalho
C:   000000F6  A$Trabalho$1660                    Trabalho
C:   000000F8  A$Trabalho$1664                    Trabalho
C:   000000F8  C$Trabalho.c$80$1$66               Trabalho
C:   000000F8  XG$delay_us$0$0                    Trabalho
C:   000000F9  A$Trabalho$1679                    Trabalho
C:   000000F9  C$Trabalho.c$88$1$66               Trabalho
C:   000000F9  C$Trabalho.c$91$1$68               Trabalho
C:   000000F9  G$ow_reset$0$0                     Trabalho
C:   000000F9  _ow_reset                          Trabalho
C:   000000FB  A$Trabalho$1682                    Trabalho
C:   000000FB  C$Trabalho.c$92$1$68               Trabalho
C:   000000FE  A$Trabalho$1683                    Trabalho
C:   00000101  A$Trabalho$1686                    Trabalho
C:   00000101  C$Trabalho.c$93$1$68               Trabalho
C:   00000103  A$Trabalho$1689                    Trabalho
C:   00000103  C$Trabalho.c$94$1$68               Trabalho
C:   00000106  A$Trabalho$1690                    Trabalho
C:   00000109  A$Trabalho$1693                    Trabalho
C:   00000109  C$Trabalho.c$95$1$68               Trabalho
ASxxxx Linker V03.00 + NoICE + sdld,  page 34.
Hexadecimal  [32-Bits]

Area                                    Addr        Size        Decimal Bytes (Attributes)
--------------------------------        ----        ----        ------- ----- ------------
CSEG                                00000071    00000CF6 =        3318. bytes (REL,CON,CODE)

      Value  Global                              Global Defined In Module
      -----  --------------------------------   ------------------------
C:   0000010B  A$Trabalho$1694                    Trabalho
C:   0000010C  A$Trabalho$1695                    Trabalho
C:   0000010D  A$Trabalho$1696                    Trabalho
C:   0000010E  A$Trabalho$1697                    Trabalho
C:   00000110  A$Trabalho$1700                    Trabalho
C:   00000110  C$Trabalho.c$96$1$68               Trabalho
C:   00000113  A$Trabalho$1701                    Trabalho
C:   00000115  A$Trabalho$1702                    Trabalho
C:   00000117  A$Trabalho$1703                    Trabalho
C:   0000011A  A$Trabalho$1704                    Trabalho
C:   0000011C  A$Trabalho$1705                    Trabalho
C:   0000011E  A$Trabalho$1708                    Trabalho
C:   0000011E  C$Trabalho.c$97$1$68               Trabalho
C:   00000120  A$Trabalho$1709                    Trabalho
C:   00000122  A$Trabalho$1712                    Trabalho
C:   00000122  C$Trabalho.c$98$1$68               Trabalho
C:   00000122  XG$ow_reset$0$0                    Trabalho
C:   00000123  A$Trabalho$1727                    Trabalho
C:   00000123  C$Trabalho.c$101$1$68              Trabalho
C:   00000123  C$Trabalho.c$104$1$70              Trabalho
C:   00000123  G$Init_DS18B20$0$0                 Trabalho
C:   00000123  _Init_DS18B20                      Trabalho
C:   00000125  A$Trabalho$1730                    Trabalho
C:   00000125  C$Trabalho.c$105$1$70              Trabalho
C:   00000128  A$Trabalho$1731                    Trabalho
C:   0000012B  A$Trabalho$1734                    Trabalho
C:   0000012B  C$Trabalho.c$106$1$70              Trabalho
C:   0000012D  A$Trabalho$1737                    Trabalho
C:   0000012D  C$Trabalho.c$107$1$70              Trabalho
[...]
C:   00000537  A$Trabalho$2801                    Trabalho
C:   00000539  A$Trabalho$2802                    Trabalho
C:   0000053C  A$Trabalho$2803                    Trabalho
C:   0000053E  A$Trabalho$2804                    Trabalho
C:   00000540  A$Trabalho$2805                    Trabalho
C:   00000543  A$Trabalho$2806                    Trabalho
C:   00000545  A$Trabalho$2807                    Trabalho
C:   00000547  A$Trabalho$2810                    Trabalho
C:   00000547  C$Trabalho.c$377$2$108             Trabalho
C:   00000548  A$Trabalho$2811                    Trabalho
C:   0000054B  A$Trabalho$2813                    Trabalho
C:   0000054D  A$Trabalho$2816                    Trabalho
C:   0000054D  C$Trabalho.c$374$1$107             Trabalho
C:   0000054E  A$Trabalho$2817                    Trabalho
C:   00000551  A$Trabalho$2819                    Trabalho
C:   00000553  A$Trabalho$2822                    Trabalho
C:   00000553  C$Trabalho.c$380$1$107             Trabalho
C:   00000553  XG$limpa_glcd$0$0                  Trabalho
C:   00000554  A$Trabalho$2837                    Trabalho
C:   00000554  C$Trabalho.c$382$1$107             Trabalho
C:   00000554  G$putchar$0$0                      Trabalho
C:   00000554  _putchar                           Trabalho
C:   00000556  A$Trabalho$2840                    Trabalho
C:   00000556  C$Trabalho.c$386$1$110             Trabalho
C:   00000559  A$Trabalho$2842                    Trabalho
C:   0000055B  A$Trabalho$2845                    Trabalho
C:   0000055B  C$Trabalho.c$387$2$111             Trabalho
C:   0000055C  A$Trabalho$2846                    Trabalho
C:   0000055D  A$Trabalho$2847                    Trabalho
C:   0000055E  A$Trabalho$2848                    Trabalho
C:   00000560  A$Trabalho$2849                    Trabalho
C:   00000562  A$Trabalho$2850                    Trabalho
C:   00000564  A$Trabalho$2851                    Trabalho
C:   00000567  A$Trabalho$2852                    Trabalho
C:   00000569  A$Trabalho$2855                    Trabalho
C:   00000569  C$Trabalho.c$388$2$111             Trabalho
C:   0000056B  A$Trabalho$2856                    Trabalho
C:   0000056D  A$Trabalho$2857                    Trabalho
C:   0000056F  A$Trabalho$2858                    Trabalho
C:   00000572  A$Trabalho$2859                    Trabalho
C:   00000574  A$Trabalho$2862                    Trabalho
C:   00000574  C$Trabalho.c$389$2$111             Trabalho
C:   00000576  A$Trabalho$2863                    Trabalho
C:   00000578  A$Trabalho$2864                    Trabalho
C:   0000057A  A$Trabalho$2865                    Trabalho
C:   0000057D  A$Trabalho$2866                    Trabalho
ASxxxx Linker V03.00 + NoICE + sdld,  page 50.
Hexadecimal  [32-Bits]

Area                                    Addr        Size        Decimal Bytes (Attributes)
--------------------------------        ----        ----        ------- ----- ------------
CSEG                                00000071    00000CF6 =        3318. bytes (REL,CON,CODE)

      Value  Global                              Global Defined In Module
      -----  --------------------------------   ------------------------
C:   0000057F  A$Trabalho$2869                    Trabalho
C:   0000057F  C$Trabalho.c$390$2$111             Trabalho
C:   00000581  A$Trabalho$2870                    Trabalho
C:   00000583  A$Trabalho$2871                    Trabalho
C:   00000586  A$Trabalho$2874                    Trabalho
C:   00000586  C$Trabalho.c$391$2$111             Trabalho
C:   00000589  A$Trabalho$2875                    Trabalho
C:   0000058C  A$Trabalho$2879                    Trabalho
C:   0000058C  C$Trabalho.c$394$2$112             Trabalho
C:   0000058E  A$Trabalho$2880                    Trabalho
C:   00000590  A$Trabalho$2881                    Trabalho
C:   00000592  A$Trabalho$2884                    Trabalho
C:   00000592  C$Trabalho.c$395$2$112             Trabalho
C:   00000594  A$Trabalho$2885                    Trabalho
C:   00000596  A$Trabalho$2889                    Trabalho
C:   00000596  C$Trabalho.c$397$2$112             Trabalho
C:   00000598  A$Trabalho$2893                    Trabalho
C:   00000598  C$Trabalho.c$398$2$112             Trabalho
C:   00000599  A$Trabalho$2894                    Trabalho
C:   0000059B  A$Trabalho$2897                    Trabalho
C:   0000059B  C$Trabalho.c$399$2$112             Trabalho
C:   0000059E  A$Trabalho$2898                    Trabalho
C:   0000059F  A$Trabalho$2899                    Trabalho
C:   000005A1  A$Trabalho$2900                    Trabalho
C:   000005A2  A$Trabalho$2901                    Trabalho
C:   000005A4  A$Trabalho$2902                    Trabalho
C:   000005A6  A$Trabalho$2903                    Trabalho
C:   000005A7  A$Trabalho$2904                    Trabalho
C:   000005A9  A$Trabalho$2905                    Trabalho
C:   000005AB  A$Trabalho$2906                    Trabalho
C:   000005AC  A$Trabalho$2907                    Trabalho
C:   000005AD  A$Trabalho$2908                    Trabalho
C:   000005AE  A$Trabalho$2909                    Trabalho
C:   000005B0  A$Trabalho$2910                    Trabalho
C:   000005B2  A$Trabalho$2911                    Trabalho
C:   000005B4  A$Trabalho$2912                    Trabalho
C:   000005B6  A$Trabalho$2913                    Trabalho
C:   000005B8  A$Trabalho$2914                    Trabalho
C:   000005BA  A$Trabalho$2915                    Trabalho
C:   000005BD  A$Trabalho$2916                    Trabalho
C:   000005BF  A$Trabalho$2917                    Trabalho
C:   000005C1  A$Trabalho$2920                    Trabalho
C:   000005C1  C$Trabalho.c$400$2$112             Trabalho
C:   000005C3  A$Trabalho$2921                    Trabalho
C:   000005C5  A$Trabalho$2922                    Trabalho
C:   000005C6  A$Trabalho$2923                    Trabalho
C:   000005C7  A$Trabalho$2924                    Trabalho
C:   000005C8  A$Trabalho$2925                    Trabalho
C:   000005C9  A$Trabalho$2926                    Trabalho
C:   000005CB  A$Trabalho$2927                    Trabalho
C:   000005CD  A$Trabalho$2928                    Trabalho
ASxxxx Linker V03.00 + NoICE + sdld,  page 51.
Hexadecimal  [32-Bits]

Area                                    Addr        Size        Decimal Bytes (Attributes)
--------------------------------        ----        ----        ------- ----- ------------
CSEG                                00000071    00000CF6 =        3318. bytes (REL,CON,CODE)

      Value  Global                              Global Defined In Module
      -----  --------------------------------   ------------------------
C:   000005CF  A$Trabalho$2929                    Trabalho
C:   000005D1  A$Trabalho$2930                    Trabalho
C:   000005D3  A$Trabalho$2931                    Trabalho
C:   000005D5  A$Trabalho$2932                    Trabalho
C:   000005D8  A$Trabalho$2933                    Trabalho
C:   000005DA  A$Trabalho$2934                    Trabalho
C:   000005DC  A$Trabalho$2937                    Trabalho
C:   000005DC  C$Trabalho.c$401$2$112             Trabalho
C:   000005DE  A$Trabalho$2938                    Trabalho
C:   000005E0  A$Trabalho$2939                    Trabalho
C:   000005E1  A$Trabalho$2940                    Trabalho
C:   000005E2  A$Trabalho$2941                    Trabalho
C:   000005E3  A$Trabalho$2942                    Trabalho
C:   000005E4  A$Trabalho$2943                    Trabalho
C:   000005E5  A$Trabalho$2944                    Trabalho
C:   000005E7  A$Trabalho$2945                    Trabalho
C:   000005E9  A$Trabalho$2946                    Trabalho
C:   000005EB  A$Trabalho$2947                    Trabalho
C:   000005ED  A$Trabalho$2948                    Trabalho
C:   000005EF  A$Trabalho$2949                    Trabalho
C:   000005F1  A$Trabalho$2950                    Trabalho
C:   000005F4  A$Trabalho$2951                    Trabalho
C:   000005F6  A$Trabalho$2952                    Trabalho
C:   000005F8  A$Trabalho$2955                    Trabalho
C:   000005F8  C$Trabalho.c$402$2$112             Trabalho
C:   000005FA  A$Trabalho$2956                    Trabalho
C:   000005FC  A$Trabalho$2957                    Trabalho
C:   000005FD  A$Trabalho$2958                    Trabalho
C:   000005FE  A$Trabalho$2959                    Trabalho
C:   000005FF  A$Trabalho$2960                    Trabalho
C:   00000600  A$Trabalho$2961                    Trabalho
C:   00000601  A$Trabalho$2962                    Trabalho
C:   00000602  A$Trabalho$2963                    Trabalho
C:   00000604  A$Trabalho$2964                    Trabalho
C:   00000606  A$Trabalho$2965                    Trabalho
C:   00000608  A$Trabalho$2966                    Trabalho
C:   0000060A  A$Trabalho$2967                    Trabalho
C:   0000060C  A$Trabalho$2968                    Trabalho
C:   0000060E  A$Trabalho$2969                    Trabalho
C:   00000611  A$Trabalho$2970                    Trabalho
C:   00000613  A$Trabalho$2971                    Trabalho
C:   00000615  A$Trabalho$2974                    Trabalho
C:   00000615  C$Trabalho.c$403$2$112             Trabalho
C:   00000617  A$Trabalho$2975                    Trabalho
C:   00000619  A$Trabalho$2976                    Trabalho
C:   0000061A  A$Trabalho$2977                    Trabalho
C:   0000061B  A$Trabalho$2978                    Trabalho
C:   0000061C  A$Trabalho$2979                    Trabalho
C:   0000061D  A$Trabalho$2980                    Trabalho
C:   0000061E  A$Trabalho$2981                    Trabalho
C:   0000061F  A$Trabalho$2982                    Trabalho
ASxxxx Linker V03.00 + NoICE + sdld,  page 52.
Hexadecimal  [32-Bits]

Area                                    Addr        Size        Decimal Bytes (Attributes)
--------------------------------        ----        ----        ------- ----- ------------
CSEG                                00000071    00000CF6 =        3318. bytes (REL,CON,CODE)

      Value  Global                              Global Defined In Module
      -----  --------------------------------   ------------------------
C:   00000620  A$Trabalho$2983                    Trabalho
C:   00000622  A$Trabalho$2984                    Trabalho
C:   00000624  A$Trabalho$2985                    Trabalho
C:   00000626  A$Trabalho$2986                    Trabalho
C:   00000628  A$Trabalho$2987                    Trabalho
C:   0000062B  A$Trabalho$2990                    Trabalho
C:   0000062B  C$Trabalho.c$404$2$112             Trabalho
C:   0000062D  A$Trabalho$2991                    Trabalho
C:   0000062F  A$Trabalho$2992                    Trabalho
C:   00000632  A$Trabalho$2993                    Trabalho
C:   00000635  A$Trabalho$2996                    Trabalho
C:   00000635  C$Trabalho.c$405$2$112             Trabalho
C:   00000637  A$Trabalho$3000                    Trabalho
C:   00000637  C$Trabalho.c$408$1$110             Trabalho
C:   00000637  XG$putchar$0$0                     Trabalho
C:   00000638  A$Trabalho$3013                    Trabalho
C:   00000638  C$Trabalho.c$412$1$110             Trabalho
C:   00000638  C$Trabalho.c$413$1$113             Trabalho
C:   00000638  G$main$0$0                         Trabalho
C:   00000638  _main                              Trabalho
C:   0000063B  A$Trabalho$3016                    Trabalho
C:   0000063B  C$Trabalho.c$414$1$113             Trabalho
C:   0000063E  A$Trabalho$3019                    Trabalho
C:   0000063E  C$Trabalho.c$415$1$113             Trabalho
C:   00000641  A$Trabalho$3022                    Trabalho
C:   00000641  C$Trabalho.c$416$1$113             Trabalho
C:   00000643  A$Trabalho$3023                    Trabalho
C:   00000646  A$Trabalho$3026                    Trabalho
C:   00000646  C$Trabalho.c$417$1$113             Trabalho
C:   00000648  A$Trabalho$3027                    Trabalho
C:   0000064B  A$Trabalho$3030                    Trabalho
C:   0000064B  C$Trabalho.c$418$1$113             Trabalho
C:   0000064D  A$Trabalho$3031                    Trabalho
C:   00000650  A$Trabalho$3032                    Trabalho
C:   00000653  A$Trabalho$3035                    Trabalho
C:   00000653  C$Trabalho.c$419$1$113             Trabalho
C:   00000655  A$Trabalho$3036                    Trabalho
C:   00000658  A$Trabalho$3037                    Trabalho
C:   0000065B  A$Trabalho$3040                    Trabalho
C:   0000065B  C$Trabalho.c$420$1$113             Trabalho
C:   0000065D  A$Trabalho$3041                    Trabalho
C:   00000660  A$Trabalho$3042                    Trabalho
C:   00000663  A$Trabalho$3045                    Trabalho
C:   00000663  C$Trabalho.c$421$1$113             Trabalho
C:   00000665  A$Trabalho$3046                    Trabalho
C:   00000668  A$Trabalho$3047                    Trabalho
C:   0000066B  A$Trabalho$3053                    Trabalho
C:   0000066B  C$Trabalho.c$422$1$113             Trabalho
C:   0000066B  C$Trabalho.c$423$2$114             Trabalho
C:   0000066E  A$Trabalho$3056                    Trabalho
C:   0000066E  C$Trabalho.c$424$2$114             Trabalho
ASxxxx Linker V03.00 + NoICE + sdld,  page 53.
Hexadecimal  [32-Bits]

Area                                    Addr        Size        Decimal Bytes (Attributes)
--------------------------------        ----        ----        ------- ----- ------------
CSEG                                00000071    00000CF6 =        3318. bytes (REL,CON,CODE)

      Value  Global                              Global Defined In Module
      -----  --------------------------------   ------------------------
C:   00000671  A$Trabalho$3059                    Trabalho
C:   00000671  C$Trabalho.c$425$2$114             Trabalho
C:   00000673  A$Trabalho$3060                    Trabalho
C:   00000675  A$Trabalho$3061                    Trabalho
C:   00000677  A$Trabalho$3062                    Trabalho
C:   00000679  A$Trabalho$3063                    Trabalho
C:   0000067B  A$Trabalho$3064                    Trabalho
C:   0000067D  A$Trabalho$3065                    Trabalho
C:   0000067F  A$Trabalho$3066                    Trabalho
C:   00000681  A$Trabalho$3067                    Trabalho
C:   00000684  A$Trabalho$3068                    Trabalho
C:   00000686  A$Trabalho$3069                    Trabalho
C:   00000688  A$Trabalho$3070                    Trabalho
C:   0000068A  A$Trabalho$3073                    Trabalho
C:   0000068A  C$Trabalho.c$426$2$114             Trabalho
C:   0000068D  A$Trabalho$3074                    Trabalho
C:   00000690  A$Trabalho$3075                    Trabalho
C:   00000692  A$Trabalho$3078                    Trabalho
C:   00000692  C$Trabalho.c$428$1$113             Trabalho
C:   00000692  XG$main$0$0                        Trabalho
C:   00000693  _printf_fast_f                     printf_fast_f
C:   00000B14  ___fsmul                           _fsmul
C:   00000BB7  fsgetargs                          _fsget2args
C:   00000BE5  fs_rshift_a                        _fsrshift
C:   00000C28  fs_normalize_a                     _fsnormalize
C:   00000C5B  ___fsadd                           _fsadd
C:   00000C5E  fsadd_direct_entry                 _fsadd
C:   00000CB4  ___uint2fs                         _uint2fs
C:   00000CC0  fs_round_and_return                _fsreturnval
C:   00000CD8  fs_zerocheck_return                _fsreturnval
C:   00000CE1  fs_return_zero                     _fsreturnval
C:   00000CE9  fs_direct_return                   _fsreturnval
C:   00000CF7  fs_return_inf                      _fsreturnval
C:   00000D04  fs_return_nan                      _fsreturnval
C:   00000D0F  fs_swap_a_b                        _fsswapargs
C:   00000D29  __gptrget                          _gptrget
C:   00000D45  ___uchar2fs                        _uchar2fs
C:   00000D50  ___ulong2fs                        _ulong2fs
C:   00000D59  ulong2fs_doit                      _ulong2fs
C:   00000D63  __sdcc_external_startup            _startup
ASxxxx Linker V03.00 + NoICE + sdld,  page 54.
Hexadecimal  [32-Bits]

Area                                    Addr        Size        Decimal Bytes (Attributes)
--------------------------------        ----        ----        ------- ----- ------------
CONST                               00000D67    000003F1 =        1009. bytes (REL,CON,CODE)

      Value  Global                              Global Defined In Module
      -----  --------------------------------   ------------------------
C:   00000D67  G$fonte$0$0                        Trabalho
C:   00000D67  _fonte                             Trabalho
C:   00000F47  G$dat$0$0                          Trabalho
C:   00000F47  _dat                               Trabalho
C:   00000F50  G$ROM$0$0                          Trabalho
C:   00000F50  _ROM                               Trabalho
C:   00000F58  G$FoundROM$0$0                     Trabalho
C:   00000F58  _FoundROM                          Trabalho
C:   00000F68  G$scratch$0$0                      Trabalho
C:   00000F68  _scratch                           Trabalho
C:   00000F7A  FTrabalho$__str_0$0$0              Trabalho

ASxxxx Linker V03.00 + NoICE + sdld,  page 55.

Files Linked                              [ module(s) ]

C:\micap\Trabalho.rel                     [  ]


Libraries Linked                          [ object file ]

C:\Program Files\SDCC\bin\..\lib\small/libsdcc.lib
                                          [ printf_fast_f.rel ]
C:\Program Files\SDCC\bin\..\lib\small/libfloat.lib
                                          [ _fsmul.rel ]
C:\Program Files\SDCC\bin\..\lib\small/libfloat.lib
                                          [ _fsget2args.rel ]
C:\Program Files\SDCC\bin\..\lib\small/mcs51.lib
                                          [ crtclear.rel ]
C:\Program Files\SDCC\bin\..\lib\small/libfloat.lib
                                          [ _fsrshift.rel ]
C:\Program Files\SDCC\bin\..\lib\small/libfloat.lib
                                          [ _fsnormalize.rel ]
C:\Program Files\SDCC\bin\..\lib\small/mcs51.lib
                                          [ crtxinit.rel ]
C:\Program Files\SDCC\bin\..\lib\small/mcs51.lib
                                          [ crtxclear.rel ]
C:\Program Files\SDCC\bin\..\lib\small/libfloat.lib
                                          [ _fsadd.rel ]
C:\Program Files\SDCC\bin\..\lib\small/libfloat.lib
                                          [ _uint2fs.rel ]
C:\Program Files\SDCC\bin\..\lib\small/libfloat.lib
                                          [ _fsreturnval.rel ]
C:\Program Files\SDCC\bin\..\lib\small/libsdcc.lib
                                          [ _bp.rel ]
C:\Program Files\SDCC\bin\..\lib\small/libfloat.lib
                                          [ _fsswapargs.rel ]
C:\Program Files\SDCC\bin\..\lib\small/mcs51.lib
                                          [ crtstart.rel ]
C:\Program Files\SDCC\bin\..\lib\small/libsdcc.lib
                                          [ _gptrget.rel ]
C:\Program Files\SDCC\bin\..\lib\small/libfloat.lib
                                          [ _uchar2fs.rel ]
C:\Program Files\SDCC\bin\..\lib\small/libfloat.lib
                                          [ _ulong2fs.rel ]
C:\Program Files\SDCC\bin\..\lib\small/libsdcc.lib
                                          [ _startup.rel ]

ASxxxx Linker V03.00 + NoICE + sdld,  page 56.

User Base Address Definitions

HOME = 0x0000
XSEG = 0x0001
PSEG = 0x0001
ISEG = 0x0000
BSEG = 0x0000

